[20:48:23] ==== 1_baseline_w24_1inst_d25 ====
[20:48:23] workers=24 instances=1 delay_us=25000
[20:48:23] re-running model-loader to refresh config
 Container owl-model-loader Recreate 
 Container owl-model-loader Recreated 
 Container owl-model-loader Starting 
 Container owl-model-loader Started 
[20:48:25] restarting triton
 Container owl-triton Restarting 
 Container owl-triton Started 
[20:48:27] resetting kafka topics (clearing backlog)
[20:48:33] recreating gateway + inference
 Container owl-zookeeper Running 
 Container owl-redis Running 
 Container owl-triton Running 
 Container owl-kafka Running 
 Container owl-gateway Recreate 
 Container owl-inference Recreate 
 Container owl-gateway Recreated 
 Container owl-inference Recreated 
 Container owl-model-loader Starting 
 Container owl-kafka-init Starting 
 Container owl-model-loader Started 
 Container owl-model-loader Waiting 
 Container owl-kafka-init Started 
 Container owl-gateway Starting 
 Container owl-gateway Started 
 Container owl-model-loader Exited 
 Container owl-inference Starting 
 Container owl-inference Started 
[20:48:36] waiting for yolov8s model ready
[20:48:36] model ready after 0s
[20:48:36] warmup 25s
[20:49:01] starting load generator
[20:51:35] load gen finished in 154.0s exit=0
[20:51:35] client stats: {'frames_sent': 1483, 'frames_dropped': 3135, 'results_received': 434, 'avg_fps': 2.8, 'avg_inference_ms': 7020.2, 'avg_e2e_ms': 9728.3, 'cache_hit_rate': 0.0}
[20:51:40] triton metrics: {'compute_ms_per_req': 2837.393351219512, 'queue_ms_per_req': 2579.82127804878, 'request_ms_per_req': 8385.29912195122, 'input_ms_per_req': 28.349207317073166, 'output_ms_per_req': 87.54740731707317, 'batch_size': 16.400000000000002, 'triton_req_per_s': 2.7300496980275373, 'gpu_util_avg_pct': 45.93333333333334, 'gpu_util_max_pct': 99.0, 'gpu_mem_used_gib': 3.3126302083333337, 'pending_avg': 7.333333333333333}
[20:51:40] ==== 2_w24_1inst_d50 ====
[20:51:40] workers=24 instances=1 delay_us=50000
[20:51:40] re-running model-loader to refresh config
 Container owl-model-loader Recreate 
 Container owl-model-loader Recreated 
 Container owl-model-loader Starting 
 Container owl-model-loader Started 
[20:51:43] restarting triton
 Container owl-triton Restarting 
 Container owl-triton Started 
[20:51:45] resetting kafka topics (clearing backlog)
[20:51:51] recreating gateway + inference
 Container owl-zookeeper Running 
 Container owl-triton Running 
 Container owl-redis Running 
 Container owl-kafka Running 
 Container owl-gateway Recreate 
 Container owl-inference Recreate 
 Container owl-gateway Recreated 
 Container owl-inference Recreated 
 Container owl-kafka-init Starting 
 Container owl-model-loader Starting 
 Container owl-kafka-init Started 
 Container owl-gateway Starting 
 Container owl-model-loader Started 
 Container owl-model-loader Waiting 
 Container owl-gateway Started 
 Container owl-model-loader Exited 
 Container owl-inference Starting 
 Container owl-inference Started 
[20:51:54] waiting for yolov8s model ready
[20:51:54] model ready after 0s
[20:51:54] warmup 25s
[20:52:19] starting load generator
[20:54:51] load gen finished in 152.2s exit=0
[20:54:51] client stats: {'frames_sent': 1157, 'frames_dropped': 3245, 'results_received': 347, 'avg_fps': 2.3, 'avg_inference_ms': 7913.8, 'avg_e2e_ms': 10657.1, 'cache_hit_rate': 0.0}
[20:54:56] triton metrics: {'compute_ms_per_req': 3382.676178571428, 'queue_ms_per_req': 2966.8624702380953, 'request_ms_per_req': 9131.743613095237, 'input_ms_per_req': 21.773999999999997, 'output_ms_per_req': 35.99066071428571, 'batch_size': 14.608695652173912, 'triton_req_per_s': 2.3614633014434796, 'gpu_util_avg_pct': 42.42857142857142, 'gpu_util_max_pct': 91.0, 'gpu_mem_used_gib': 3.362583705357143, 'pending_avg': 8.071428571428571}
[20:54:56] ==== 3_w32_1inst_d50 ====
[20:54:56] workers=32 instances=1 delay_us=50000
[20:54:56] re-running model-loader to refresh config
 Container owl-model-loader Recreate 
 Container owl-model-loader Recreated 
 Container owl-model-loader Starting 
 Container owl-model-loader Started 
[20:54:58] restarting triton
 Container owl-triton Restarting 
 Container owl-triton Started 
[20:55:01] resetting kafka topics (clearing backlog)
[20:55:06] recreating gateway + inference
 Container owl-zookeeper Running 
 Container owl-redis Running 
 Container owl-triton Running 
 Container owl-kafka Running 
 Container owl-gateway Recreate 
 Container owl-inference Recreate 
 Container owl-gateway Recreated 
 Container owl-inference Recreated 
 Container owl-model-loader Starting 
 Container owl-kafka-init Starting 
 Container owl-kafka-init Started 
 Container owl-gateway Starting 
 Container owl-model-loader Started 
 Container owl-model-loader Waiting 
 Container owl-gateway Started 
 Container owl-model-loader Exited 
 Container owl-inference Starting 
 Container owl-inference Started 
[20:55:09] waiting for yolov8s model ready
[20:55:09] model ready after 0s
[20:55:09] warmup 25s
[20:55:34] starting load generator
[20:58:12] load gen finished in 157.9s exit=0
[20:58:12] client stats: {'frames_sent': 1361, 'frames_dropped': 3143, 'results_received': 429, 'avg_fps': 2.7, 'avg_inference_ms': 8420.8, 'avg_e2e_ms': 11797.4, 'cache_hit_rate': 0.0}
[20:58:17] triton metrics: {'compute_ms_per_req': 3693.491127456689, 'queue_ms_per_req': 2842.9612431844535, 'request_ms_per_req': 10197.056644501985, 'input_ms_per_req': 36.91518232415106, 'output_ms_per_req': 46.11765118671355, 'batch_size': 16.763232665349513, 'triton_req_per_s': 2.8717269741936398, 'gpu_util_avg_pct': 42.5, 'gpu_util_max_pct': 99.0, 'gpu_mem_used_gib': 4.458217075892857, 'pending_avg': 4.785714285714286}
[20:58:17] ==== 4_w40_1inst_d50 ====
[20:58:17] workers=40 instances=1 delay_us=50000
[20:58:17] re-running model-loader to refresh config
 Container owl-model-loader Recreate 
 Container owl-model-loader Recreated 
 Container owl-model-loader Starting 
 Container owl-model-loader Started 
[20:58:19] restarting triton
 Container owl-triton Restarting 
 Container owl-triton Started 
[20:58:21] resetting kafka topics (clearing backlog)
[20:58:27] recreating gateway + inference
 Container owl-zookeeper Running 
 Container owl-redis Running 
 Container owl-kafka Running 
 Container owl-triton Running 
 Container owl-gateway Recreate 
 Container owl-inference Recreate 
 Container owl-gateway Recreated 
 Container owl-inference Recreated 
 Container owl-model-loader Starting 
 Container owl-kafka-init Starting 
 Container owl-kafka-init Started 
 Container owl-gateway Starting 
 Container owl-model-loader Started 
 Container owl-model-loader Waiting 
 Container owl-gateway Started 
 Container owl-model-loader Exited 
 Container owl-inference Starting 
 Container owl-inference Started 
[20:58:30] waiting for yolov8s model ready
[20:58:30] model ready after 0s
[20:58:30] warmup 25s
[20:58:55] starting load generator
[21:01:25] load gen finished in 150.7s exit=0
[21:01:25] client stats: {'frames_sent': 1005, 'frames_dropped': 2719, 'results_received': 325, 'avg_fps': 2.2, 'avg_inference_ms': 14193.8, 'avg_e2e_ms': 16805.4, 'cache_hit_rate': 0.0}
[21:01:30] triton metrics: {'compute_ms_per_req': 6511.872601665205, 'queue_ms_per_req': 5329.96985816558, 'request_ms_per_req': 16152.430200508255, 'input_ms_per_req': 38.585820144651414, 'output_ms_per_req': 77.90266786465868, 'batch_size': 25.38800722222222, 'triton_req_per_s': 2.2085170042383733, 'gpu_util_avg_pct': 50.92857142857143, 'gpu_util_max_pct': 97.0, 'gpu_mem_used_gib': 4.425990513392858, 'pending_avg': 8.714285714285715}
[21:01:30] ==== 5_w24_2inst_d50 ====
[21:01:30] workers=24 instances=2 delay_us=50000
[21:01:30] re-running model-loader to refresh config
 Container owl-model-loader Recreate 
 Container owl-model-loader Recreated 
 Container owl-model-loader Starting 
 Container owl-model-loader Started 
[21:01:33] restarting triton
 Container owl-triton Restarting 
 Container owl-triton Started 
[21:01:35] resetting kafka topics (clearing backlog)
[21:01:41] recreating gateway + inference
 Container owl-zookeeper Running 
 Container owl-redis Running 
 Container owl-kafka Running 
 Container owl-triton Running 
 Container owl-inference Recreate 
 Container owl-gateway Recreate 
 Container owl-gateway Recreated 
 Container owl-inference Recreated 
 Container owl-model-loader Starting 
 Container owl-kafka-init Starting 
 Container owl-model-loader Started 
 Container owl-model-loader Waiting 
 Container owl-kafka-init Started 
 Container owl-gateway Starting 
 Container owl-gateway Started 
 Container owl-model-loader Exited 
 Container owl-inference Starting 
 Container owl-inference Started 
[21:01:44] waiting for yolov8s model ready
[21:01:44] model ready after 0s
[21:01:44] warmup 25s
[21:02:09] starting load generator
[21:04:38] load gen finished in 148.9s exit=0
[21:04:38] client stats: {'frames_sent': 1297, 'frames_dropped': 3305, 'results_received': 141, 'avg_fps': 1.0, 'avg_inference_ms': 9906.4, 'avg_e2e_ms': 11943.5, 'cache_hit_rate': 0.0}
[21:04:43] triton metrics: {'compute_ms_per_req': 7987.523490990991, 'queue_ms_per_req': 2831.3424504504505, 'request_ms_per_req': 12404.451918918921, 'input_ms_per_req': 26.475067567567567, 'output_ms_per_req': 26.138729729729732, 'batch_size': 6.0, 'triton_req_per_s': 1.5672617450637738, 'gpu_util_avg_pct': 72.64285714285714, 'gpu_util_max_pct': 100.0, 'gpu_mem_used_gib': 4.8017578125, 'pending_avg': 5.357142857142858}
[21:04:43] ==== 6_w32_1inst_d100 ====
[21:04:43] workers=32 instances=1 delay_us=100000
[21:04:43] re-running model-loader to refresh config
 Container owl-model-loader Recreate 
 Container owl-model-loader Recreated 
 Container owl-model-loader Starting 
 Container owl-model-loader Started 
[21:04:46] restarting triton
 Container owl-triton Restarting 
 Container owl-triton Started 
[21:04:48] resetting kafka topics (clearing backlog)
[21:04:54] recreating gateway + inference
 Container owl-redis Running 
 Container owl-zookeeper Running 
 Container owl-triton Running 
 Container owl-kafka Running 
 Container owl-gateway Recreate 
 Container owl-inference Recreate 
 Container owl-gateway Recreated 
 Container owl-inference Recreated 
 Container owl-kafka-init Starting 
 Container owl-model-loader Starting 
 Container owl-kafka-init Started 
 Container owl-gateway Starting 
 Container owl-model-loader Started 
 Container owl-model-loader Waiting 
 Container owl-gateway Started 
 Container owl-model-loader Exited 
 Container owl-inference Starting 
 Container owl-inference Started 
[21:04:57] waiting for yolov8s model ready
[21:04:57] model ready after 0s
[21:04:57] warmup 25s
[21:05:22] starting load generator
[21:07:53] load gen finished in 150.4s exit=0
[21:07:53] client stats: {'frames_sent': 864, 'frames_dropped': 3296, 'results_received': 273, 'avg_fps': 1.8, 'avg_inference_ms': 13696.3, 'avg_e2e_ms': 16378.7, 'cache_hit_rate': 0.0}
[21:07:58] triton metrics: {'compute_ms_per_req': 7201.733351648351, 'queue_ms_per_req': 4714.056783882784, 'request_ms_per_req': 15141.930076923078, 'input_ms_per_req': 28.736014652014653, 'output_ms_per_req': 38.244131868131866, 'batch_size': 17.0625, 'triton_req_per_s': 1.8402479182437546, 'gpu_util_avg_pct': 60.4, 'gpu_util_max_pct': 99.0, 'gpu_mem_used_gib': 3.1067708333333335, 'pending_avg': 9.266666666666667}
[21:07:58] done
